Archive member included because of file (symbol)

c:/program files (x86)/atmel/atmel toolchain/avr8 gcc/native/3.4.1061/avr8-gnu-toolchain/bin/../lib/gcc/avr/4.8.1/../../../../avr/lib/avr5\libm.a(addsf3.o)
                              lib/OLED/OLED.o (__addsf3)
c:/program files (x86)/atmel/atmel toolchain/avr8 gcc/native/3.4.1061/avr8-gnu-toolchain/bin/../lib/gcc/avr/4.8.1/../../../../avr/lib/avr5\libm.a(addsf3x.o)
                              c:/program files (x86)/atmel/atmel toolchain/avr8 gcc/native/3.4.1061/avr8-gnu-toolchain/bin/../lib/gcc/avr/4.8.1/../../../../avr/lib/avr5\libm.a(addsf3.o) (__addsf3x)
c:/program files (x86)/atmel/atmel toolchain/avr8 gcc/native/3.4.1061/avr8-gnu-toolchain/bin/../lib/gcc/avr/4.8.1/../../../../avr/lib/avr5\libm.a(fixsfsi.o)
                              lib/JOY/JOY.o (__fixsfsi)
c:/program files (x86)/atmel/atmel toolchain/avr8 gcc/native/3.4.1061/avr8-gnu-toolchain/bin/../lib/gcc/avr/4.8.1/../../../../avr/lib/avr5\libm.a(fixunssfsi.o)
                              c:/program files (x86)/atmel/atmel toolchain/avr8 gcc/native/3.4.1061/avr8-gnu-toolchain/bin/../lib/gcc/avr/4.8.1/../../../../avr/lib/avr5\libm.a(fixsfsi.o) (__fixunssfsi)
c:/program files (x86)/atmel/atmel toolchain/avr8 gcc/native/3.4.1061/avr8-gnu-toolchain/bin/../lib/gcc/avr/4.8.1/../../../../avr/lib/avr5\libm.a(floatsisf.o)
                              lib/JOY/JOY.o (__floatsisf)
c:/program files (x86)/atmel/atmel toolchain/avr8 gcc/native/3.4.1061/avr8-gnu-toolchain/bin/../lib/gcc/avr/4.8.1/../../../../avr/lib/avr5\libm.a(floor.o)
                              lib/OLED/OLED.o (floor)
c:/program files (x86)/atmel/atmel toolchain/avr8 gcc/native/3.4.1061/avr8-gnu-toolchain/bin/../lib/gcc/avr/4.8.1/../../../../avr/lib/avr5\libm.a(fp_inf.o)
                              c:/program files (x86)/atmel/atmel toolchain/avr8 gcc/native/3.4.1061/avr8-gnu-toolchain/bin/../lib/gcc/avr/4.8.1/../../../../avr/lib/avr5\libm.a(addsf3x.o) (__fp_inf)
c:/program files (x86)/atmel/atmel toolchain/avr8 gcc/native/3.4.1061/avr8-gnu-toolchain/bin/../lib/gcc/avr/4.8.1/../../../../avr/lib/avr5\libm.a(fp_mintl.o)
                              c:/program files (x86)/atmel/atmel toolchain/avr8 gcc/native/3.4.1061/avr8-gnu-toolchain/bin/../lib/gcc/avr/4.8.1/../../../../avr/lib/avr5\libm.a(floor.o) (__fp_mintl)
c:/program files (x86)/atmel/atmel toolchain/avr8 gcc/native/3.4.1061/avr8-gnu-toolchain/bin/../lib/gcc/avr/4.8.1/../../../../avr/lib/avr5\libm.a(fp_mpack.o)
                              c:/program files (x86)/atmel/atmel toolchain/avr8 gcc/native/3.4.1061/avr8-gnu-toolchain/bin/../lib/gcc/avr/4.8.1/../../../../avr/lib/avr5\libm.a(floor.o) (__fp_mpack)
c:/program files (x86)/atmel/atmel toolchain/avr8 gcc/native/3.4.1061/avr8-gnu-toolchain/bin/../lib/gcc/avr/4.8.1/../../../../avr/lib/avr5\libm.a(fp_nan.o)
                              c:/program files (x86)/atmel/atmel toolchain/avr8 gcc/native/3.4.1061/avr8-gnu-toolchain/bin/../lib/gcc/avr/4.8.1/../../../../avr/lib/avr5\libm.a(addsf3x.o) (__fp_nan)
c:/program files (x86)/atmel/atmel toolchain/avr8 gcc/native/3.4.1061/avr8-gnu-toolchain/bin/../lib/gcc/avr/4.8.1/../../../../avr/lib/avr5\libm.a(fp_pscA.o)
                              c:/program files (x86)/atmel/atmel toolchain/avr8 gcc/native/3.4.1061/avr8-gnu-toolchain/bin/../lib/gcc/avr/4.8.1/../../../../avr/lib/avr5\libm.a(addsf3x.o) (__fp_pscA)
c:/program files (x86)/atmel/atmel toolchain/avr8 gcc/native/3.4.1061/avr8-gnu-toolchain/bin/../lib/gcc/avr/4.8.1/../../../../avr/lib/avr5\libm.a(fp_pscB.o)
                              c:/program files (x86)/atmel/atmel toolchain/avr8 gcc/native/3.4.1061/avr8-gnu-toolchain/bin/../lib/gcc/avr/4.8.1/../../../../avr/lib/avr5\libm.a(addsf3x.o) (__fp_pscB)
c:/program files (x86)/atmel/atmel toolchain/avr8 gcc/native/3.4.1061/avr8-gnu-toolchain/bin/../lib/gcc/avr/4.8.1/../../../../avr/lib/avr5\libm.a(fp_round.o)
                              c:/program files (x86)/atmel/atmel toolchain/avr8 gcc/native/3.4.1061/avr8-gnu-toolchain/bin/../lib/gcc/avr/4.8.1/../../../../avr/lib/avr5\libm.a(addsf3.o) (__fp_round)
c:/program files (x86)/atmel/atmel toolchain/avr8 gcc/native/3.4.1061/avr8-gnu-toolchain/bin/../lib/gcc/avr/4.8.1/../../../../avr/lib/avr5\libm.a(fp_split3.o)
                              c:/program files (x86)/atmel/atmel toolchain/avr8 gcc/native/3.4.1061/avr8-gnu-toolchain/bin/../lib/gcc/avr/4.8.1/../../../../avr/lib/avr5\libm.a(addsf3x.o) (__fp_split3)
c:/program files (x86)/atmel/atmel toolchain/avr8 gcc/native/3.4.1061/avr8-gnu-toolchain/bin/../lib/gcc/avr/4.8.1/../../../../avr/lib/avr5\libm.a(fp_trunc.o)
                              c:/program files (x86)/atmel/atmel toolchain/avr8 gcc/native/3.4.1061/avr8-gnu-toolchain/bin/../lib/gcc/avr/4.8.1/../../../../avr/lib/avr5\libm.a(floor.o) (__fp_trunc)
c:/program files (x86)/atmel/atmel toolchain/avr8 gcc/native/3.4.1061/avr8-gnu-toolchain/bin/../lib/gcc/avr/4.8.1/../../../../avr/lib/avr5\libm.a(fp_zero.o)
[...]
Memory Configuration

Name             Origin             Length             Attributes
text             0x00000000         0x00020000         xr
data             0x00800060         0x0000ffa0         rw !x
eeprom           0x00810000         0x00010000         rw !x
fuse             0x00820000         0x00000400         rw !x
lock             0x00830000         0x00000400         rw !x
signature        0x00840000         0x00000400         rw !x
user_signatures  0x00850000         0x00000400         rw !x
*default*        0x00000000         0xffffffff

Linker script and memory map

Address of section .data set to 0x800100
LOAD c:/program files (x86)/atmel/atmel toolchain/avr8 gcc/native/3.4.1061/avr8-gnu-toolchain/bin/../lib/gcc/avr/4.8.1/../../../../avr/lib/avr5/crtm162.o
LOAD lib/ADC/ADC.o
LOAD lib/CAN/CAN.o
LOAD lib/CAN_DEFINES/CAN_DEFINES.o
LOAD lib/EEPROM/EEPROM.o
LOAD lib/JOY/JOY.o
LOAD lib/MCP2515/MCP2515.o
LOAD lib/MENU/MENU.o
LOAD lib/OLED/OLED.o
LOAD lib/SPI/SPI.o
LOAD lib/SRAM/SRAM.o
LOAD lib/TIMER/TIMER.o
LOAD lib/UART/UART.o
LOAD source/main.o
START GROUP
LOAD c:/program files (x86)/atmel/atmel toolchain/avr8 gcc/native/3.4.1061/avr8-gnu-toolchain/bin/../lib/gcc/avr/4.8.1/../../../../avr/lib/avr5\libm.a
END GROUP
START GROUP
LOAD c:/program files (x86)/atmel/atmel toolchain/avr8 gcc/native/3.4.1061/avr8-gnu-toolchain/bin/../lib/gcc/avr/4.8.1/avr5\libgcc.a
LOAD c:/program files (x86)/atmel/atmel toolchain/avr8 gcc/native/3.4.1061/avr8-gnu-toolchain/bin/../lib/gcc/avr/4.8.1/../../../../avr/lib/avr5\libm.a
LOAD c:/program files (x86)/atmel/atmel toolchain/avr8 gcc/native/3.4.1061/avr8-gnu-toolchain/bin/../lib/gcc/avr/4.8.1/../../../../avr/lib/avr5\libc.a
END GROUP

.hash
 *(.hash)

.dynsym
 *(.dynsym)

.dynstr
 *(.dynstr)

.gnu.version
 *(.gnu.version)

.gnu.version_d
 *(.gnu.version_d)

.gnu.version_r
 *(.gnu.version_r)

.rel.init
 *(.rel.init)

.rela.init
 *(.rela.init)

.rel.text
 *(.rel.text)
 *(.rel.text.*)
 *(.rel.gnu.linkonce.t*)

.rela.text
 *(.rela.text)
 *(.rela.text.*)
 *(.rela.gnu.linkonce.t*)

.rel.fini
 *(.rel.fini)

.rela.fini
 *(.rela.fini)

.rel.rodata
 *(.rel.rodata)
 *(.rel.rodata.*)
 *(.rel.gnu.linkonce.r*)

.rela.rodata
 *(.rela.rodata)
 *(.rela.rodata.*)
 *(.rela.gnu.linkonce.r*)

.rel.data
 *(.rel.data)
 *(.rel.data.*)
 *(.rel.gnu.linkonce.d*)

.rela.data
 *(.rela.data)
 *(.rela.data.*)
 *(.rela.gnu.linkonce.d*)

.rel.ctors
 *(.rel.ctors)

.rela.ctors
 *(.rela.ctors)

.rel.dtors
 *(.rel.dtors)

.rela.dtors
 *(.rela.dtors)

.rel.got
 *(.rel.got)

.rela.got
 *(.rela.got)

.rel.bss
 *(.rel.bss)

.rela.bss
 *(.rela.bss)

.rel.plt
 *(.rel.plt)

.rela.plt
 *(.rela.plt)

.text           0x00000000     0x23fc
 *(.vectors)
 .vectors       0x00000000       0x70 c:/program files (x86)/atmel/atmel toolchain/avr8 gcc/native/3.4.1061/avr8-gnu-toolchain/bin/../lib/gcc/avr/4.8.1/../../../../avr/lib/avr5/crtm162.o
                0x00000000                __vector_default
                0x00000000                __vectors
 *(.vectors)
 *(.progmem.gcc*)
 .progmem.gcc_fplib
                0x00000070       0x5a c:/program files (x86)/atmel/atmel toolchain/avr8 gcc/native/3.4.1061/avr8-gnu-toolchain/bin/../lib/gcc/avr/4.8.1/../../../../avr/lib/avr5\libm.a(log.o)
                0x000000ca                . = ALIGN (0x2)
                0x000000ca                __trampolines_start = .
 *(.trampolines)
 .trampolines   0x000000ca        0x0 linker stubs
 *(.trampolines*)
                0x000000ca                __trampolines_end = .
 *(.progmem*)
 .progmem.data.font5
                0x000000ca      0x1e0 lib/OLED/OLED.o
                0x000000ca                font5
                0x000002aa                . = ALIGN (0x2)
 *(.jumptables)
 *(.jumptables*)
 *(.lowtext)
 *(.lowtext*)
                0x000002aa                __ctors_start = .
 *(.ctors)
                0x000002aa                __ctors_end = .
                0x000002aa                __dtors_start = .
 *(.dtors)
                0x000002aa                __dtors_end = .
 SORT(*)(.ctors)
 SORT(*)(.dtors)
 *(.init0)
 .init0         0x000002aa        0x0 c:/program files (x86)/atmel/atmel toolchain/avr8 gcc/native/3.4.1061/avr8-gnu-toolchain/bin/../lib/gcc/avr/4.8.1/../../../../avr/lib/avr5/crtm162.o
                0x000002aa                __init
 *(.init0)
 *(.init1)
 *(.init1)
 *(.init2)
 .init2         0x000002aa        0xc c:/program files (x86)/atmel/atmel toolchain/avr8 gcc/native/3.4.1061/avr8-gnu-toolchain/bin/../lib/gcc/avr/4.8.1/../../../../avr/lib/avr5/crtm162.o
 *(.init2)
 *(.init3)
 *(.init3)
 *(.init4)
 .init4         0x000002b6       0x16 c:/program files (x86)/atmel/atmel toolchain/avr8 gcc/native/3.4.1061/avr8-gnu-toolchain/bin/../lib/gcc/avr/4.8.1/avr5\libgcc.a(_copy_data.o)
                0x000002b6                __do_copy_data
 .init4         0x000002cc       0x10 c:/program files (x86)/atmel/atmel toolchain/avr8 gcc/native/3.4.1061/avr8-gnu-toolchain/bin/../lib/gcc/avr/4.8.1/avr5\libgcc.a(_clear_bss.o)
                0x000002cc                __do_clear_bss
 *(.init4)
 *(.init5)
 *(.init5)
 *(.init6)
 *(.init6)
 *(.init7)
 *(.init7)
 *(.init8)
 *(.init8)
 *(.init9)
 .init9         0x000002dc        0x8 c:/program files (x86)/atmel/atmel toolchain/avr8 gcc/native/3.4.1061/avr8-gnu-toolchain/bin/../lib/gcc/avr/4.8.1/../../../../avr/lib/avr5/crtm162.o
 *(.init9)
 *(.text)
 .text          0x000002e4        0x2 c:/program files (x86)/atmel/atmel toolchain/avr8 gcc/native/3.4.1061/avr8-gnu-toolchain/bin/../lib/gcc/avr/4.8.1/../../../../avr/lib/avr5/crtm162.o
                0x000002e4                __vector_22
                0x000002e4                __vector_1
                0x000002e4                __vector_24
                0x000002e4                __vector_12
                0x000002e4                __bad_interrupt
                0x000002e4                __vector_6
                0x000002e4                __vector_23
                0x000002e4                __vector_25
                0x000002e4                __vector_11
                0x000002e4                __vector_17
                0x000002e4                __vector_7
                0x000002e4                __vector_27
                0x000002e4                __vector_5
                0x000002e4                __vector_4
                0x000002e4                __vector_9
                0x000002e4                __vector_2
                0x000002e4                __vector_21
                0x000002e4                __vector_15
                0x000002e4                __vector_8
                0x000002e4                __vector_26
                0x000002e4                __vector_14
                0x000002e4                __vector_10
                0x000002e4                __vector_16
                0x000002e4                __vector_18
                0x000002e4                __vector_20
                0x000002e6                . = ALIGN (0x2)
 *(.text.*)
 .text.ADC_init
                0x000002e6       0x1e lib/ADC/ADC.o
                0x000002e6                ADC_init
 .text.ADC_read
                0x00000304       0x14 lib/ADC/ADC.o
                0x00000304                ADC_read
 .text.__vector_3
                0x00000318       0x18 lib/ADC/ADC.o
                0x00000318                __vector_3
 .text.CAN_init
                0x00000330       0x1c lib/CAN/CAN.o
                0x00000330                CAN_init
 .text.CAN_send_message
                0x0000034c       0x60 lib/CAN/CAN.o
                0x0000034c                CAN_send_message
 .text.CAN_recieve_data
                0x000003ac       0x76 lib/CAN/CAN.o
                0x000003ac                CAN_recieve_data
 .text.CAN_create_message
                0x00000422       0x24 lib/CAN/CAN.o
                0x00000422                CAN_create_message
 .text.EEPROM_write
                0x00000446       0x12 lib/EEPROM/EEPROM.o
                0x00000446                EEPROM_write
 .text.EEPROM_read
                0x00000458       0x12 lib/EEPROM/EEPROM.o
                0x00000458                EEPROM_read
 .text.JOY_init
                0x0000046a        0xc lib/JOY/JOY.o
                0x0000046a                JOY_init
 .text.JOY_getPosition
                0x00000476       0x74 lib/JOY/JOY.o
                0x00000476                JOY_getPosition
 .text.JOY_getDirection
                0x000004ea       0x96 lib/JOY/JOY.o
                0x000004ea                JOY_getDirection
 .text.MCP2515_read
                0x00000580       0x1a lib/MCP2515/MCP2515.o
                0x00000580                MCP2515_read
 .text.MCP2515_write
                0x0000059a       0x1e lib/MCP2515/MCP2515.o
                0x0000059a                MCP2515_write
 .text.MCP2515_request_to_send
                0x000005b8       0x2e lib/MCP2515/MCP2515.o
                0x000005b8                MCP2515_request_to_send
 .text.MCP2515_bit_modify
                0x000005e6       0x28 lib/MCP2515/MCP2515.o
                0x000005e6                MCP2515_bit_modify
 .text.MCP2515_reset
                0x0000060e        0xa lib/MCP2515/MCP2515.o
                0x0000060e                MCP2515_reset
 .text.MCP2515_init
                0x00000618       0x24 lib/MCP2515/MCP2515.o
                0x00000618                MCP2515_init
 .text.MENU_scream_mode
                0x0000063c        0x6 lib/MENU/MENU.o
                0x0000063c                MENU_scream_mode
 .text.MENU_normal_mode
                0x00000642        0x6 lib/MENU/MENU.o
                0x00000642                MENU_normal_mode
 .text.MENU_print_highscores
                0x00000648       0x50 lib/MENU/MENU.o
                0x00000648                MENU_print_highscores
 .text.MENU_add_submenu
                0x00000698       0xea lib/MENU/MENU.o
                0x00000698                MENU_add_submenu
 .text.MENU_back
                0x00000782       0x62 lib/MENU/MENU.o
                0x00000782                MENU_back
 .text.MENU_display_menu
                0x000007e4       0xd4 lib/MENU/MENU.o
                0x000007e4                MENU_display_menu
 .text.MENU_choose
                0x000008b8       0x8a lib/MENU/MENU.o
                0x000008b8                MENU_choose
 .text.MENU_print_rocket
                0x00000942      0x14a lib/MENU/MENU.o
                0x00000942                MENU_print_rocket
 .text.MENU_update_highscores
                0x00000a8c       0x4c lib/MENU/MENU.o
                0x00000a8c                MENU_update_highscores
 .text.MENU_gameover
                0x00000ad8       0xc8 lib/MENU/MENU.o
                0x00000ad8                MENU_gameover
 .text.MENU_play_game
                0x00000ba0       0x8c lib/MENU/MENU.o
                0x00000ba0                MENU_play_game
 .text.MENU_wireless_mode
                0x00000c2c       0x76 lib/MENU/MENU.o
                0x00000c2c                MENU_wireless_mode
 .text.MENU_create
                0x00000ca2       0x9a lib/MENU/MENU.o
                0x00000ca2                MENU_create
 .text.MENU_run_menu
                0x00000d3c      0x284 lib/MENU/MENU.o
                0x00000d3c                MENU_run_menu
 .text.OLED_init
                0x00000fc0       0x60 lib/OLED/OLED.o
                0x00000fc0                OLED_init
 .text.OLED_goto_line
                0x00001020       0x16 lib/OLED/OLED.o
                0x00001020                OLED_goto_line
 .text.OLED_clear_display
                0x00001036       0x32 lib/OLED/OLED.o
                0x00001036                OLED_clear_display
 .text.OLED_goto_column
                0x00001068       0x14 lib/OLED/OLED.o
                0x00001068                OLED_goto_column
 .text.OLED_print_char
                0x0000107c       0x30 lib/OLED/OLED.o
                0x0000107c                OLED_print_char
 .text.OLED_print_capital_char
                0x000010ac       0x32 lib/OLED/OLED.o
                0x000010ac                OLED_print_capital_char
 .text.OLED_print_inverted_char
                0x000010de       0x32 lib/OLED/OLED.o
                0x000010de                OLED_print_inverted_char
 .text.OLED_print_string
                0x00001110       0x6a lib/OLED/OLED.o
                0x00001110                OLED_print_string
 .text.OLED_print_header
                0x0000117a       0x7a lib/OLED/OLED.o
                0x0000117a                OLED_print_header
 .text.OLED_int_to_string
                0x000011f4       0x80 lib/OLED/OLED.o
                0x000011f4                OLED_int_to_string
 .text.OLED_print_inverted_string
                0x00001274       0x7c lib/OLED/OLED.o
                0x00001274                OLED_print_inverted_string
 .text.SPI_init
                0x000012f0       0x14 lib/SPI/SPI.o
                0x000012f0                SPI_init
 .text.SPI_send
                0x00001304        0x8 lib/SPI/SPI.o
                0x00001304                SPI_send
 .text.SPI_read
                0x0000130c        0xc lib/SPI/SPI.o
                0x0000130c                SPI_read
 .text.SPI_enable_chipselect
                0x00001318        0x4 lib/SPI/SPI.o
                0x00001318                SPI_enable_chipselect
 .text.SPI_disable_chipselect
                0x0000131c        0x4 lib/SPI/SPI.o
                0x0000131c                SPI_disable_chipselect
 .text.SRAM_init
                0x00001320        0xe lib/SRAM/SRAM.o
                0x00001320                SRAM_init
 .text.__vector_13
                0x0000132e       0x3a lib/TIMER/TIMER.o
                0x0000132e                __vector_13
 .text.TIMER_init
                0x00001368       0x18 lib/TIMER/TIMER.o
                0x00001368                TIMER_init
 .text.TIMER_start
                0x00001380       0x14 lib/TIMER/TIMER.o
                0x00001380                TIMER_start
 .text.TIMER_stop
                0x00001394        0x8 lib/TIMER/TIMER.o
                0x00001394                TIMER_stop
 .text.TIMER_get_time
                0x0000139c        0xa lib/TIMER/TIMER.o
                0x0000139c                TIMER_get_time
 .text.UART_Init
                0x000013a6       0x18 lib/UART/UART.o
                0x000013a6                UART_Init
 .text.UART_Transmit
                0x000013be        0xc lib/UART/UART.o
                0x000013be                UART_Transmit
 .text.UART_Recieve
                0x000013ca        0x8 lib/UART/UART.o
                0x000013ca                UART_Recieve
 .text.__vector_19
                0x000013d2       0x4e source/main.o
                0x000013d2                __vector_19
 .text.main     0x00001420       0x48 source/main.o
                0x00001420                main
 .text.avr-libc.fplib
                0x00001468        0xa c:/program files (x86)/atmel/atmel toolchain/avr8 gcc/native/3.4.1061/avr8-gnu-toolchain/bin/../lib/gcc/avr/4.8.1/../../../../avr/lib/avr5\libm.a(addsf3.o)
                0x00001468                __subsf3
                0x0000146a                __addsf3
 .text.avr-libc.fplib
                0x00001472       0xc0 c:/program files (x86)/atmel/atmel toolchain/avr8 gcc/native/3.4.1061/avr8-gnu-toolchain/bin/../lib/gcc/avr/4.8.1/../../../../avr/lib/avr5\libm.a(addsf3x.o)
                0x0000148c                __addsf3x
 .text.avr-libc.fplib
                0x00001532        0xa c:/program files (x86)/atmel/atmel toolchain/avr8 gcc/native/3.4.1061/avr8-gnu-toolchain/bin/../lib/gcc/avr/4.8.1/../../../../avr/lib/avr5\libm.a(fixsfsi.o)
                0x00001532                __fixsfsi
 .text.avr-libc.fplib
                0x0000153c       0x58 c:/program files (x86)/atmel/atmel toolchain/avr8 gcc/native/3.4.1061/avr8-gnu-toolchain/bin/../lib/gcc/avr/4.8.1/../../../../avr/lib/avr5\libm.a(fixunssfsi.o)
                0x0000153c                __fixunssfsi
 .text.avr-libc.fplib
                0x00001594       0x7a c:/program files (x86)/atmel/atmel toolchain/avr8 gcc/native/3.4.1061/avr8-gnu-toolchain/bin/../lib/gcc/avr/4.8.1/../../../../avr/lib/avr5\libm.a(floatsisf.o)
                0x00001594                __floatunsisf
                0x00001598                __floatsisf
 .text.avr-libc.fplib
                0x0000160e       0x26 c:/program files (x86)/atmel/atmel toolchain/avr8 gcc/native/3.4.1061/avr8-gnu-toolchain/bin/../lib/gcc/avr/4.8.1/../../../../avr/lib/avr5\libm.a(floor.o)
                0x0000160e                floor
 .text.avr-libc.fplib
                0x00001634        0xc c:/program files (x86)/atmel/atmel toolchain/avr8 gcc/native/3.4.1061/avr8-gnu-toolchain/bin/../lib/gcc/avr/4.8.1/../../../../avr/lib/avr5\libm.a(fp_inf.o)
                0x00001634                __fp_inf
 .text.avr-libc.fplib
                0x00001640       0x36 c:/program files (x86)/atmel/atmel toolchain/avr8 gcc/native/3.4.1061/avr8-gnu-toolchain/bin/../lib/gcc/avr/4.8.1/../../../../avr/lib/avr5\libm.a(fp_mintl.o)
                0x00001640                __fp_mintl
 .text.avr-libc.fplib
                0x00001676       0x1c c:/program files (x86)/atmel/atmel toolchain/avr8 gcc/native/3.4.1061/avr8-gnu-toolchain/bin/../lib/gcc/avr/4.8.1/../../../../avr/lib/avr5\libm.a(fp_mpack.o)
                0x00001676                __fp_mpack
                0x0000167a                __fp_mpack_finite
 .text.avr-libc.fplib
                0x00001692        0x6 c:/program files (x86)/atmel/atmel toolchain/avr8 gcc/native/3.4.1061/avr8-gnu-toolchain/bin/../lib/gcc/avr/4.8.1/../../../../avr/lib/avr5\libm.a(fp_nan.o)
                0x00001692                __fp_nan
 .text.avr-libc.fplib
                0x00001698        0xe c:/program files (x86)/atmel/atmel toolchain/avr8 gcc/native/3.4.1061/avr8-gnu-toolchain/bin/../lib/gcc/avr/4.8.1/../../../../avr/lib/avr5\libm.a(fp_pscA.o)
                0x00001698                __fp_pscA
 .text.avr-libc.fplib
                0x000016a6        0xe c:/program files (x86)/atmel/atmel toolchain/avr8 gcc/native/3.4.1061/avr8-gnu-toolchain/bin/../lib/gcc/avr/4.8.1/../../../../avr/lib/avr5\libm.a(fp_pscB.o)
                0x000016a6                __fp_pscB
 .text.avr-libc.fplib
                0x000016b4       0x22 c:/program files (x86)/atmel/atmel toolchain/avr8 gcc/native/3.4.1061/avr8-gnu-toolchain/bin/../lib/gcc/avr/4.8.1/../../../../avr/lib/avr5\libm.a(fp_round.o)
                0x000016b4                __fp_round
 .text.avr-libc.fplib
                0x000016d6       0x44 c:/program files (x86)/atmel/atmel toolchain/avr8 gcc/native/3.4.1061/avr8-gnu-toolchain/bin/../lib/gcc/avr/4.8.1/../../../../avr/lib/avr5\libm.a(fp_split3.o)
                0x000016d6                __fp_split3
                0x000016e6                __fp_splitA
 .text.avr-libc.fplib
                0x0000171a       0x2e c:/program files (x86)/atmel/atmel toolchain/avr8 gcc/native/3.4.1061/avr8-gnu-toolchain/bin/../lib/gcc/avr/4.8.1/../../../../avr/lib/avr5\libm.a(fp_trunc.o)
                0x0000171a                __fp_trunc
 .text.avr-libc.fplib
                0x00001748        0xe c:/program files (x86)/atmel/atmel toolchain/avr8 gcc/native/3.4.1061/avr8-gnu-toolchain/bin/../lib/gcc/avr/4.8.1/../../../../avr/lib/avr5\libm.a(fp_zero.o)
                0x00001748                __fp_zero
                0x0000174a                __fp_szero
 .text.avr-libc.fplib
                0x00001756        0xc c:/program files (x86)/atmel/atmel toolchain/avr8 gcc/native/3.4.1061/avr8-gnu-toolchain/bin/../lib/gcc/avr/4.8.1/../../../../avr/lib/avr5\libm.a(log10.o)
                0x00001756                log10
 .text.avr-libc.fplib
                0x00001762       0x8a c:/program files (x86)/atmel/atmel toolchain/avr8 gcc/native/3.4.1061/avr8-gnu-toolchain/bin/../lib/gcc/avr/4.8.1/../../../../avr/lib/avr5\libm.a(log.o)
                0x0000176c                log
 .text.avr-libc.fplib
                0x000017ec        0x4 c:/program files (x86)/atmel/atmel toolchain/avr8 gcc/native/3.4.1061/avr8-gnu-toolchain/bin/../lib/gcc/avr/4.8.1/../../../../avr/lib/avr5\libm.a(mulsf3.o)
                0x000017ec                __mulsf3
 .text.avr-libc.fplib
                0x000017f0       0xc2 c:/program files (x86)/atmel/atmel toolchain/avr8 gcc/native/3.4.1061/avr8-gnu-toolchain/bin/../lib/gcc/avr/4.8.1/../../../../avr/lib/avr5\libm.a(mulsf3x.o)
                0x00001804                __mulsf3x
                0x00001808                __mulsf3_pse
 .text.avr-libc.fplib
                0x000018b2       0x4a c:/program files (x86)/atmel/atmel toolchain/avr8 gcc/native/3.4.1061/avr8-gnu-toolchain/bin/../lib/gcc/avr/4.8.1/../../../../avr/lib/avr5\libm.a(fp_powser.o)
                0x000018b2                __fp_powser
 .text.libgcc.div
                0x000018fc       0x26 c:/program files (x86)/atmel/atmel toolchain/avr8 gcc/native/3.4.1061/avr8-gnu-toolchain/bin/../lib/gcc/avr/4.8.1/avr5\libgcc.a(_divmodhi4.o)
                0x000018fc                _div
                0x000018fc                __divmodhi4
 .text.libgcc.div
                0x00001922       0x28 c:/program files (x86)/atmel/atmel toolchain/avr8 gcc/native/3.4.1061/avr8-gnu-toolchain/bin/../lib/gcc/avr/4.8.1/avr5\libgcc.a(_udivmodhi4.o)
                0x00001922                __udivmodhi4
 .text.avr-libc
                0x0000194a      0x24e c:/program files (x86)/atmel/atmel toolchain/avr8 gcc/native/3.4.1061/avr8-gnu-toolchain/bin/../lib/gcc/avr/4.8.1/../../../../avr/lib/avr5\libc.a(malloc.o)
                0x0000194a                malloc
                0x00001a7a                free
 .text.avr-libc
                0x00001b98       0xae c:/program files (x86)/atmel/atmel toolchain/avr8 gcc/native/3.4.1061/avr8-gnu-toolchain/bin/../lib/gcc/avr/4.8.1/../../../../avr/lib/avr5\libc.a(rand.o)
                0x00001c28                rand_r
                0x00001c2a                rand
                0x00001c30                srand
 .text.avr-libc
                0x00001c46       0x14 c:/program files (x86)/atmel/atmel toolchain/avr8 gcc/native/3.4.1061/avr8-gnu-toolchain/bin/../lib/gcc/avr/4.8.1/../../../../avr/lib/avr5\libc.a(itoa_ncheck.o)
                0x00001c46                __itoa_ncheck
 .text.avr-libc
                0x00001c5a       0x32 c:/program files (x86)/atmel/atmel toolchain/avr8 gcc/native/3.4.1061/avr8-gnu-toolchain/bin/../lib/gcc/avr/4.8.1/../../../../avr/lib/avr5\libc.a(utoa_ncheck.o)
                0x00001c5a                __utoa_ncheck
                0x00001c5c                __utoa_common
 .text.avr-libc
                0x00001c8c       0x94 c:/program files (x86)/atmel/atmel toolchain/avr8 gcc/native/3.4.1061/avr8-gnu-toolchain/bin/../lib/gcc/avr/4.8.1/../../../../avr/lib/avr5\libc.a(fdevopen.o)
                0x00001c8c                fdevopen
 .text.avr-libc
                0x00001d20       0x22 c:/program files (x86)/atmel/atmel toolchain/avr8 gcc/native/3.4.1061/avr8-gnu-toolchain/bin/../lib/gcc/avr/4.8.1/../../../../avr/lib/avr5\libc.a(printf.o)
                0x00001d20                printf
 .text.avr-libc
                0x00001d42       0x5a c:/program files (x86)/atmel/atmel toolchain/avr8 gcc/native/3.4.1061/avr8-gnu-toolchain/bin/../lib/gcc/avr/4.8.1/../../../../avr/lib/avr5\libc.a(puts.o)
                0x00001d42                puts
 .text.avr-libc
                0x00001d9c      0x386 c:/program files (x86)/atmel/atmel toolchain/avr8 gcc/native/3.4.1061/avr8-gnu-toolchain/bin/../lib/gcc/avr/4.8.1/../../../../avr/lib/avr5\libc.a(vfprintf_std.o)
                0x00001d9c                vfprintf
 .text.avr-libc
                0x00002122       0x34 c:/program files (x86)/atmel/atmel toolchain/avr8 gcc/native/3.4.1061/avr8-gnu-toolchain/bin/../lib/gcc/avr/4.8.1/../../../../avr/lib/avr5\libc.a(calloc.o)
                0x00002122                calloc
 .text.avr-libc
                0x00002156       0x16 c:/program files (x86)/atmel/atmel toolchain/avr8 gcc/native/3.4.1061/avr8-gnu-toolchain/bin/../lib/gcc/avr/4.8.1/../../../../avr/lib/avr5\libc.a(strnlen_P.o)
                0x00002156                strnlen_P
 .text.avr-libc
                0x0000216c        0xe c:/program files (x86)/atmel/atmel toolchain/avr8 gcc/native/3.4.1061/avr8-gnu-toolchain/bin/../lib/gcc/avr/4.8.1/../../../../avr/lib/avr5\libc.a(memset.o)
                0x0000216c                memset
 .text.avr-libc
                0x0000217a       0x16 c:/program files (x86)/atmel/atmel toolchain/avr8 gcc/native/3.4.1061/avr8-gnu-toolchain/bin/../lib/gcc/avr/4.8.1/../../../../avr/lib/avr5\libc.a(strnlen.o)
                0x0000217a                strnlen
 .text.avr-libc
                0x00002190       0x20 c:/program files (x86)/atmel/atmel toolchain/avr8 gcc/native/3.4.1061/avr8-gnu-toolchain/bin/../lib/gcc/avr/4.8.1/../../../../avr/lib/avr5\libc.a(strrev.o)
                0x00002190                strrev
 .text.avr-libc
                0x000021b0       0x64 c:/program files (x86)/atmel/atmel toolchain/avr8 gcc/native/3.4.1061/avr8-gnu-toolchain/bin/../lib/gcc/avr/4.8.1/../../../../avr/lib/avr5\libc.a(fputc.o)
                0x000021b0                fputc
 .text.avr-libc
                0x00002214       0xbc c:/program files (x86)/atmel/atmel toolchain/avr8 gcc/native/3.4.1061/avr8-gnu-toolchain/bin/../lib/gcc/avr/4.8.1/../../../../avr/lib/avr5\libc.a(ultoa_invert.o)
                0x00002214                __ultoa_invert
 .text.libgcc.div
                0x000022d0       0x28 c:/program files (x86)/atmel/atmel toolchain/avr8 gcc/native/3.4.1061/avr8-gnu-toolchain/bin/../lib/gcc/avr/4.8.1/avr5\libgcc.a(_divmodsi4.o)
                0x000022d0                __divmodsi4
 .text.libgcc.div
                0x000022f8       0x10 c:/program files (x86)/atmel/atmel toolchain/avr8 gcc/native/3.4.1061/avr8-gnu-toolchain/bin/../lib/gcc/avr/4.8.1/avr5\libgcc.a(_negsi2.o)
                0x000022f8                __negsi2
 .text.libgcc.mul
                0x00002308       0x14 c:/program files (x86)/atmel/atmel toolchain/avr8 gcc/native/3.4.1061/avr8-gnu-toolchain/bin/../lib/gcc/avr/4.8.1/avr5\libgcc.a(_muluhisi3.o)
                0x00002308                __muluhisi3
 .text.libgcc.mul
                0x0000231c        0xc c:/program files (x86)/atmel/atmel toolchain/avr8 gcc/native/3.4.1061/avr8-gnu-toolchain/bin/../lib/gcc/avr/4.8.1/avr5\libgcc.a(_mulshisi3.o)
                0x0000231c                __mulshisi3
                0x00002320                __mulohisi3
 .text.libgcc.prologue
                0x00002328       0x38 c:/program files (x86)/atmel/atmel toolchain/avr8 gcc/native/3.4.1061/avr8-gnu-toolchain/bin/../lib/gcc/avr/4.8.1/avr5\libgcc.a(_prologue.o)
                0x00002328                __prologue_saves__
 .text.libgcc.prologue
                0x00002360       0x36 c:/program files (x86)/atmel/atmel toolchain/avr8 gcc/native/3.4.1061/avr8-gnu-toolchain/bin/../lib/gcc/avr/4.8.1/avr5\libgcc.a(_epilogue.o)
                0x00002360                __epilogue_restores__
 .text.libgcc.div
                0x00002396       0x44 c:/program files (x86)/atmel/atmel toolchain/avr8 gcc/native/3.4.1061/avr8-gnu-toolchain/bin/../lib/gcc/avr/4.8.1/avr5\libgcc.a(_udivmodsi4.o)
                0x00002396                __udivmodsi4
 .text.libgcc.mul
                0x000023da       0x1e c:/program files (x86)/atmel/atmel toolchain/avr8 gcc/native/3.4.1061/avr8-gnu-toolchain/bin/../lib/gcc/avr/4.8.1/avr5\libgcc.a(_umulhisi3.o)
                0x000023da                __umulhisi3
                0x000023f8                . = ALIGN (0x2)
 *(.fini9)
 .fini9         0x000023f8        0x0 c:/program files (x86)/atmel/atmel toolchain/avr8 gcc/native/3.4.1061/avr8-gnu-toolchain/bin/../lib/gcc/avr/4.8.1/avr5\libgcc.a(_exit.o)
                0x000023f8                _exit
                0x000023f8                exit
 *(.fini9)
 *(.fini8)
 *(.fini8)
 *(.fini7)
 *(.fini7)
 *(.fini6)
 *(.fini6)
 *(.fini5)
 *(.fini5)
 *(.fini4)
 *(.fini4)
 *(.fini3)
 *(.fini3)
 *(.fini2)
 *(.fini2)
 *(.fini1)
 *(.fini1)
 *(.fini0)
 .fini0         0x000023f8        0x4 c:/program files (x86)/atmel/atmel toolchain/avr8 gcc/native/3.4.1061/avr8-gnu-toolchain/bin/../lib/gcc/avr/4.8.1/avr5\libgcc.a(_exit.o)
 *(.fini0)
                0x000023fc                _etext = .

.data           0x00800100      0x122 load address 0x000023fc
                0x00800100                PROVIDE (__data_start, .)
 *(.data)
 .data          0x00800100        0x6 c:/program files (x86)/atmel/atmel toolchain/avr8 gcc/native/3.4.1061/avr8-gnu-toolchain/bin/../lib/gcc/avr/4.8.1/../../../../avr/lib/avr5\libc.a(malloc.o)
                0x00800100                __malloc_heap_end
                0x00800102                __malloc_heap_start
                0x00800104                __malloc_margin
 .data          0x00800106        0x4 c:/program files (x86)/atmel/atmel toolchain/avr8 gcc/native/3.4.1061/avr8-gnu-toolchain/bin/../lib/gcc/avr/4.8.1/../../../../avr/lib/avr5\libc.a(rand.o)
 *(.data*)
 .data.last_direction
                0x0080010a        0x1 lib/MENU/MENU.o
 *(.rodata)
 *(.rodata*)
 .rodata.str1.1
                0x0080010b       0x32 lib/MCP2515/MCP2515.o
 .rodata.str1.1
                0x0080013d       0xe5 lib/MENU/MENU.o
 *(.gnu.linkonce.d*)
                0x00800222                . = ALIGN (0x2)
                0x00800222                _edata = .
                0x00800222                PROVIDE (__data_end, .)

.bss            0x00800222       0x28
                0x00800222                PROVIDE (__bss_start, .)
 *(.bss)
 *(.bss*)
 .bss.corr_y    0x00800222        0x1 lib/JOY/JOY.o
 .bss.corr_x    0x00800223        0x1 lib/JOY/JOY.o
 .bss.gameover  0x00800224        0x1 lib/MENU/MENU.o
                0x00800224                gameover
 .bss.highscores
                0x00800225        0x3 lib/MENU/MENU.o
 .bss.current_line
                0x00800228        0x1 lib/MENU/MENU.o
 .bss.current_menu
                0x00800229        0x9 lib/MENU/MENU.o
 .bss.main_menu
                0x00800232        0x9 lib/MENU/MENU.o
 .bss.current_line
                0x0080023b        0x1 lib/OLED/OLED.o
 .bss.stopwatch
                0x0080023c        0x2 lib/TIMER/TIMER.o
 .bss.RECEIVED  0x0080023e        0x1 source/main.o
                0x0080023e                RECEIVED
 *(COMMON)
 COMMON         0x0080023f        0x1 lib/ADC/ADC.o
                0x0080023f                interrupt_flag
 COMMON         0x00800240        0x4 c:/program files (x86)/atmel/atmel toolchain/avr8 gcc/native/3.4.1061/avr8-gnu-toolchain/bin/../lib/gcc/avr/4.8.1/../../../../avr/lib/avr5\libc.a(malloc.o)
                0x00800240                __brkval
                0x00800242                __flp
 COMMON         0x00800244        0x6 c:/program files (x86)/atmel/atmel toolchain/avr8 gcc/native/3.4.1061/avr8-gnu-toolchain/bin/../lib/gcc/avr/4.8.1/../../../../avr/lib/avr5\libc.a(iob.o)
                0x00800244                __iob
                0x0080024a                PROVIDE (__bss_end, .)
                0x000023fc                __data_load_start = LOADADDR (.data)
                0x0000251e                __data_load_end = (__data_load_start + SIZEOF (.data))

.noinit         0x0080024a        0x0
                0x0080024a                PROVIDE (__noinit_start, .)
 *(.noinit*)
                0x0080024a                PROVIDE (__noinit_end, .)
                0x0080024a                _end = .
                0x0080024a                PROVIDE (__heap_start, .)

.eeprom         0x00810000        0x0
 *(.eeprom*)
                0x00810000                __eeprom_end = .

.fuse
 *(.fuse)
 *(.lfuse)
 *(.hfuse)
 *(.efuse)

.lock
 *(.lock*)

.signature
 *(.signature*)

.user_signatures
 *(.user_signatures*)

.stab
 *(.stab)

.stabstr
 *(.stabstr)

.stab.excl
 *(.stab.excl)

.stab.exclstr
 *(.stab.exclstr)

.stab.index
 *(.stab.index)

.stab.indexstr
 *(.stab.indexstr)

.comment        0x00000000       0x5c
 *(.comment)
 .comment       0x00000000       0x30 lib/ADC/ADC.o
                                 0x31 (size before relaxing)
 .comment       0x00000000       0x31 lib/CAN/CAN.o
 .comment       0x00000000       0x31 lib/EEPROM/EEPROM.o
 .comment       0x00000000       0x31 lib/JOY/JOY.o
 .comment       0x00000000       0x31 lib/MCP2515/MCP2515.o
 .comment       0x00000000       0x31 lib/MENU/MENU.o
 .comment       0x00000000       0x31 lib/OLED/OLED.o
 .comment       0x00000000       0x31 lib/SPI/SPI.o
 .comment       0x00000000       0x31 lib/SRAM/SRAM.o
 .comment       0x00000000       0x31 lib/TIMER/TIMER.o
 .comment       0x00000000       0x31 lib/UART/UART.o
 .comment       0x00000000       0x31 source/main.o
 .comment       0x00000000       0x31 c:/program files (x86)/atmel/atmel toolchain/avr8 gcc/native/3.4.1061/avr8-gnu-toolchain/bin/../lib/gcc/avr/4.8.1/../../../../avr/lib/avr5\libc.a(malloc.o)
 .comment       0x00000000       0x31 c:/program files (x86)/atmel/atmel toolchain/avr8 gcc/native/3.4.1061/avr8-gnu-toolchain/bin/../lib/gcc/avr/4.8.1/../../../../avr/lib/avr5\libc.a(rand.o)
 .comment       0x00000000       0x31 c:/program files (x86)/atmel/atmel toolchain/avr8 gcc/native/3.4.1061/avr8-gnu-toolchain/bin/../lib/gcc/avr/4.8.1/../../../../avr/lib/avr5\libc.a(fdevopen.o)
 .comment       0x00000000       0x31 c:/program files (x86)/atmel/atmel toolchain/avr8 gcc/native/3.4.1061/avr8-gnu-toolchain/bin/../lib/gcc/avr/4.8.1/../../../../avr/lib/avr5\libc.a(iob.o)
 .comment       0x00000000       0x31 c:/program files (x86)/atmel/atmel toolchain/avr8 gcc/native/3.4.1061/avr8-gnu-toolchain/bin/../lib/gcc/avr/4.8.1/../../../../avr/lib/avr5\libc.a(printf.o)
 .comment       0x00000000       0x31 c:/program files (x86)/atmel/atmel toolchain/avr8 gcc/native/3.4.1061/avr8-gnu-toolchain/bin/../lib/gcc/avr/4.8.1/../../../../avr/lib/avr5\libc.a(puts.o)
 .comment       0x00000030       0x2c c:/program files (x86)/atmel/atmel toolchain/avr8 gcc/native/3.4.1061/avr8-gnu-toolchain/bin/../lib/gcc/avr/4.8.1/../../../../avr/lib/avr5\libc.a(vfprintf_std.o)
                                 0x2d (size before relaxing)
 .comment       0x00000000       0x31 c:/program files (x86)/atmel/atmel toolchain/avr8 gcc/native/3.4.1061/avr8-gnu-toolchain/bin/../lib/gcc/avr/4.8.1/../../../../avr/lib/avr5\libc.a(calloc.o)
 .comment       0x00000000       0x31 c:/program files (x86)/atmel/atmel toolchain/avr8 gcc/native/3.4.1061/avr8-gnu-toolchain/bin/../lib/gcc/avr/4.8.1/../../../../avr/lib/avr5\libc.a(fputc.o)

.note.gnu.build-id
 *(.note.gnu.build-id)

.debug
 *(.debug)

.line
 *(.line)

.debug_srcinfo
 *(.debug_srcinfo)

.debug_sfnames
 *(.debug_sfnames)

.debug_aranges  0x00000000      0x350
 *(.debug_aranges)
 .debug_aranges
                0x00000000       0x30 lib/ADC/ADC.o
 .debug_aranges
                0x00000030       0x40 lib/CAN/CAN.o
 .debug_aranges
                0x00000070       0x28 lib/EEPROM/EEPROM.o
 .debug_aranges
                0x00000098       0x40 lib/JOY/JOY.o
 .debug_aranges
                0x000000d8       0x50 lib/MCP2515/MCP2515.o
 .debug_aranges
                0x00000128       0x98 lib/MENU/MENU.o
 .debug_aranges
                0x000001c0       0x80 lib/OLED/OLED.o
 .debug_aranges
                0x00000240       0x40 lib/SPI/SPI.o
 .debug_aranges
                0x00000280       0x38 lib/SRAM/SRAM.o
 .debug_aranges
                0x000002b8       0x40 lib/TIMER/TIMER.o
 .debug_aranges
                0x000002f8       0x30 lib/UART/UART.o
 .debug_aranges
                0x00000328       0x28 source/main.o

.debug_pubnames
 *(.debug_pubnames)

.debug_info     0x00000000     0x32cc
 *(.debug_info .gnu.linkonce.wi.*)
 .debug_info    0x00000000      0x12d lib/ADC/ADC.o
 .debug_info    0x0000012d      0x4ed lib/CAN/CAN.o
 .debug_info    0x0000061a       0xe8 lib/EEPROM/EEPROM.o
 .debug_info    0x00000702      0x33d lib/JOY/JOY.o
 .debug_info    0x00000a3f      0x4aa lib/MCP2515/MCP2515.o
 .debug_info    0x00000ee9     0x1300 lib/MENU/MENU.o
 .debug_info    0x000021e9      0x730 lib/OLED/OLED.o
 .debug_info    0x00002919      0x103 lib/SPI/SPI.o
 .debug_info    0x00002a1c      0x29d lib/SRAM/SRAM.o
 .debug_info    0x00002cb9      0x193 lib/TIMER/TIMER.o
 .debug_info    0x00002e4c       0xe3 lib/UART/UART.o
 .debug_info    0x00002f2f      0x39d source/main.o

.debug_abbrev   0x00000000     0x134a
 *(.debug_abbrev)
 .debug_abbrev  0x00000000       0xe3 lib/ADC/ADC.o
 .debug_abbrev  0x000000e3      0x224 lib/CAN/CAN.o
 .debug_abbrev  0x00000307       0x96 lib/EEPROM/EEPROM.o
 .debug_abbrev  0x0000039d      0x1a7 lib/JOY/JOY.o
 .debug_abbrev  0x00000544      0x1d0 lib/MCP2515/MCP2515.o
 .debug_abbrev  0x00000714      0x3c7 lib/MENU/MENU.o
 .debug_abbrev  0x00000adb      0x2b2 lib/OLED/OLED.o
 .debug_abbrev  0x00000d8d       0xc1 lib/SPI/SPI.o
 .debug_abbrev  0x00000e4e      0x172 lib/SRAM/SRAM.o
 .debug_abbrev  0x00000fc0      0x117 lib/TIMER/TIMER.o
 .debug_abbrev  0x000010d7       0x7e lib/UART/UART.o
 .debug_abbrev  0x00001155      0x1f5 source/main.o

.debug_line     0x00000000     0x21aa
 *(.debug_line .debug_line.* .debug_line_end)
 .debug_line    0x00000000      0x128 lib/ADC/ADC.o
 .debug_line    0x00000128      0x2a5 lib/CAN/CAN.o
 .debug_line    0x000003cd      0x107 lib/EEPROM/EEPROM.o
 .debug_line    0x000004d4      0x236 lib/JOY/JOY.o
 .debug_line    0x0000070a      0x2ca lib/MCP2515/MCP2515.o
 .debug_line    0x000009d4      0x987 lib/MENU/MENU.o
 .debug_line    0x0000135b      0x526 lib/OLED/OLED.o
 .debug_line    0x00001881      0x165 lib/SPI/SPI.o
 .debug_line    0x000019e6      0x225 lib/SRAM/SRAM.o
 .debug_line    0x00001c0b      0x1bd lib/TIMER/TIMER.o
 .debug_line    0x00001dc8      0x131 lib/UART/UART.o
 .debug_line    0x00001ef9      0x2b1 source/main.o

.debug_frame    0x00000000      0x8a4
 *(.debug_frame)
 .debug_frame   0x00000000       0x50 lib/ADC/ADC.o
 .debug_frame   0x00000050       0xb4 lib/CAN/CAN.o
 .debug_frame   0x00000104       0x34 lib/EEPROM/EEPROM.o
 .debug_frame   0x00000138       0x8c lib/JOY/JOY.o
 .debug_frame   0x000001c4       0xb8 lib/MCP2515/MCP2515.o
 .debug_frame   0x0000027c      0x260 lib/MENU/MENU.o
 .debug_frame   0x000004dc      0x164 lib/OLED/OLED.o
 .debug_frame   0x00000640       0x64 lib/SPI/SPI.o
 .debug_frame   0x000006a4       0xc8 lib/SRAM/SRAM.o
 .debug_frame   0x0000076c       0x78 lib/TIMER/TIMER.o
 .debug_frame   0x000007e4       0x44 lib/UART/UART.o
 .debug_frame   0x00000828       0x7c source/main.o

.debug_str      0x00000000      0x9ee
 *(.debug_str)
 .debug_str     0x00000000      0x16d lib/ADC/ADC.o
                                0x1a6 (size before relaxing)
 .debug_str     0x0000016d      0x160 lib/CAN/CAN.o
                                0x282 (size before relaxing)
 .debug_str     0x000002cd       0x38 lib/EEPROM/EEPROM.o
                                0x17a (size before relaxing)
 .debug_str     0x00000305       0xb0 lib/JOY/JOY.o
                                0x24c (size before relaxing)
 .debug_str     0x000003b5       0xa1 lib/MCP2515/MCP2515.o
                                0x287 (size before relaxing)
 .debug_str     0x00000456      0x2e3 lib/MENU/MENU.o
                                0x5a3 (size before relaxing)
 .debug_str     0x00000739      0x108 lib/OLED/OLED.o
                                0x343 (size before relaxing)
 .debug_str     0x00000841       0x11 lib/SPI/SPI.o
                                0x190 (size before relaxing)
 .debug_str     0x00000852       0xaa lib/SRAM/SRAM.o
                                0x23f (size before relaxing)
 .debug_str     0x000008fc       0x3e lib/TIMER/TIMER.o
                                0x1e7 (size before relaxing)
 .debug_str     0x0000093a       0x62 lib/UART/UART.o
                                0x172 (size before relaxing)
 .debug_str     0x0000099c       0x52 source/main.o
                                0x287 (size before relaxing)

.debug_loc      0x00000000     0x1d60
 *(.debug_loc)
 .debug_loc     0x00000000       0x5d lib/ADC/ADC.o
 .debug_loc     0x0000005d      0x2a5 lib/CAN/CAN.o
 .debug_loc     0x00000302       0x21 lib/EEPROM/EEPROM.o
 .debug_loc     0x00000323      0x1f1 lib/JOY/JOY.o
 .debug_loc     0x00000514      0x26a lib/MCP2515/MCP2515.o
 .debug_loc     0x0000077e      0xb02 lib/MENU/MENU.o
 .debug_loc     0x00001280      0x6c8 lib/OLED/OLED.o
 .debug_loc     0x00001948      0x2ac lib/SRAM/SRAM.o
 .debug_loc     0x00001bf4       0x49 lib/TIMER/TIMER.o
 .debug_loc     0x00001c3d       0x45 lib/UART/UART.o
 .debug_loc     0x00001c82       0xde source/main.o

.debug_macinfo
 *(.debug_macinfo)

.debug_weaknames
 *(.debug_weaknames)

.debug_funcnames
 *(.debug_funcnames)

.debug_typenames
 *(.debug_typenames)

.debug_varnames
 *(.debug_varnames)

.debug_pubtypes
 *(.debug_pubtypes)

.debug_ranges   0x00000000      0x310
 *(.debug_ranges)
 .debug_ranges  0x00000000       0x20 lib/ADC/ADC.o
 .debug_ranges  0x00000020       0x30 lib/CAN/CAN.o
 .debug_ranges  0x00000050       0x18 lib/EEPROM/EEPROM.o
 .debug_ranges  0x00000068       0x30 lib/JOY/JOY.o
 .debug_ranges  0x00000098       0x40 lib/MCP2515/MCP2515.o
 .debug_ranges  0x000000d8       0xc0 lib/MENU/MENU.o
 .debug_ranges  0x00000198       0x88 lib/OLED/OLED.o
 .debug_ranges  0x00000220       0x30 lib/SPI/SPI.o
 .debug_ranges  0x00000250       0x58 lib/SRAM/SRAM.o
 .debug_ranges  0x000002a8       0x30 lib/TIMER/TIMER.o
 .debug_ranges  0x000002d8       0x20 lib/UART/UART.o
 .debug_ranges  0x000002f8       0x18 source/main.o

.debug_macro
 *(.debug_macro)
OUTPUT(Byggern.elf elf32-avr)
LOAD linker stubs
